---
source: tests/module.rs
expression: module_file
---
name:
  - 34
  - 109
  - 111
  - 100
  - 80
  - 117
  - 98
  - 108
  - 105
  - 99
  - 86
  - 97
  - 114
  - 115
  - 34
  - 13
  - 10
tokens:
  - Comment:
      - 39
      - 42
      - 42
      - 42
      - 42
      - 42
      - 42
      - 42
      - 42
      - 42
      - 42
      - 42
      - 42
      - 42
      - 42
      - 42
      - 42
      - 42
      - 42
      - 42
      - 42
      - 42
      - 42
      - 42
      - 42
      - 42
      - 42
      - 42
      - 42
      - 42
      - 42
      - 42
      - 42
      - 42
      - 42
      - 42
      - 42
      - 42
      - 42
      - 42
      - 42
      - 42
      - 42
      - 42
      - 42
      - 42
      - 42
      - 42
      - 42
      - 42
      - 42
      - 42
      - 42
      - 42
      - 42
      - 42
      - 42
      - 42
      - 42
      - 42
      - 42
      - 42
      - 42
      - 42
      - 42
      - 42
      - 42
      - 42
      - 42
      - 42
      - 42
      - 42
      - 42
      - 42
      - 42
      - 42
  - Newline:
      - 13
      - 10
  - Comment:
      - 39
      - 67
      - 111
      - 112
      - 121
      - 114
      - 105
      - 103
      - 104
      - 116
      - 32
      - 50
      - 48
      - 49
      - 56
      - 32
      - 98
      - 121
      - 32
      - 84
      - 97
      - 110
      - 110
      - 101
      - 114
      - 32
      - 72
      - 101
      - 108
      - 108
      - 97
      - 110
      - 100
  - Newline:
      - 13
      - 10
  - Comment:
      - 39
      - 32
      - 119
      - 119
      - 119
      - 46
      - 116
      - 97
      - 110
      - 110
      - 101
      - 114
      - 104
      - 101
      - 108
      - 108
      - 97
      - 110
      - 100
      - 46
      - 99
      - 111
      - 109
  - Newline:
      - 13
      - 10
  - Comment:
      - 39
  - Newline:
      - 13
      - 10
  - Comment:
      - 39
      - 68
      - 111
      - 99
      - 117
      - 109
      - 101
      - 110
      - 116
      - 97
      - 116
      - 105
      - 111
      - 110
      - 32
      - 102
      - 111
      - 114
      - 32
      - 116
      - 104
      - 105
      - 115
      - 32
      - 112
      - 114
      - 111
      - 106
      - 101
      - 99
      - 116
      - 32
      - 99
      - 97
      - 110
      - 32
      - 98
      - 101
      - 32
      - 102
      - 111
      - 117
      - 110
      - 100
      - 32
      - 97
      - 116
      - 32
      - 104
      - 116
      - 116
      - 112
      - 115
      - 58
      - 47
      - 47
      - 116
      - 97
      - 110
      - 110
      - 101
      - 114
      - 104
      - 101
      - 108
      - 108
      - 97
      - 110
      - 100
      - 46
      - 99
      - 111
      - 109
      - 47
      - 99
      - 111
      - 100
      - 101
      - 47
  - Newline:
      - 13
      - 10
  - Comment:
      - 39
  - Newline:
      - 13
      - 10
  - Comment:
      - 39
      - 84
      - 104
      - 101
      - 32
      - 115
      - 111
      - 117
      - 114
      - 99
      - 101
      - 32
      - 99
      - 111
      - 100
      - 101
      - 32
      - 105
      - 110
      - 32
      - 116
      - 104
      - 105
      - 115
      - 32
      - 112
      - 114
      - 111
      - 106
      - 101
      - 99
      - 116
      - 32
      - 105
      - 115
      - 32
      - 108
      - 105
      - 99
      - 101
      - 110
      - 115
      - 101
      - 100
      - 32
      - 117
      - 110
      - 100
      - 101
      - 114
      - 32
      - 97
      - 32
      - 83
      - 105
      - 109
      - 112
      - 108
      - 105
      - 102
      - 105
      - 101
      - 100
      - 32
      - 66
      - 83
      - 68
      - 32
      - 108
      - 105
      - 99
      - 101
      - 110
      - 115
      - 101
      - 46
  - Newline:
      - 13
      - 10
  - Comment:
      - 39
      - 32
      - 70
      - 111
      - 114
      - 32
      - 109
      - 111
      - 114
      - 101
      - 32
      - 105
      - 110
      - 102
      - 111
      - 114
      - 109
      - 97
      - 116
      - 105
      - 111
      - 110
      - 44
      - 32
      - 112
      - 108
      - 101
      - 97
      - 115
      - 101
      - 32
      - 114
      - 101
      - 118
      - 105
      - 101
      - 119
      - 32
      - 76
      - 73
      - 67
      - 69
      - 78
      - 83
      - 69
      - 46
      - 109
      - 100
      - 32
      - 97
      - 116
      - 32
      - 104
      - 116
      - 116
      - 112
      - 115
      - 58
      - 47
      - 47
      - 103
      - 105
      - 116
      - 104
      - 117
      - 98
      - 46
      - 99
      - 111
      - 109
      - 47
      - 116
      - 97
      - 110
      - 110
      - 101
      - 114
      - 104
      - 101
      - 108
      - 108
      - 97
      - 110
      - 100
      - 47
      - 116
      - 104
      - 100
      - 99
      - 45
      - 99
      - 111
      - 100
      - 101
      - 47
  - Newline:
      - 13
      - 10
  - Comment:
      - 39
  - Newline:
      - 13
      - 10
  - Comment:
      - 39
      - 73
      - 102
      - 32
      - 121
      - 111
      - 117
      - 32
      - 102
      - 105
      - 110
      - 100
      - 32
      - 116
      - 104
      - 105
      - 115
      - 32
      - 99
      - 111
      - 100
      - 101
      - 32
      - 117
      - 115
      - 101
      - 102
      - 117
      - 108
      - 44
      - 32
      - 112
      - 108
      - 101
      - 97
      - 115
      - 101
      - 32
      - 99
      - 111
      - 110
      - 115
      - 105
      - 100
      - 101
      - 114
      - 32
      - 97
      - 32
      - 115
      - 109
      - 97
      - 108
      - 108
      - 32
      - 100
      - 111
      - 110
      - 97
      - 116
      - 105
      - 111
      - 110
      - 32
      - 116
      - 111
      - 32
      - 104
      - 116
      - 116
      - 112
      - 115
      - 58
      - 47
      - 47
      - 119
      - 119
      - 119
      - 46
      - 112
      - 97
      - 121
      - 112
      - 97
      - 108
      - 46
      - 109
      - 101
      - 47
      - 84
      - 97
      - 110
      - 110
      - 101
      - 114
      - 72
      - 101
      - 108
      - 108
      - 97
      - 110
      - 100
  - Newline:
      - 13
      - 10
  - Comment:
      - 39
  - Newline:
      - 13
      - 10
  - Comment:
      - 39
      - 42
      - 42
      - 42
      - 42
      - 42
      - 42
      - 42
      - 42
      - 42
      - 42
      - 42
      - 42
      - 42
      - 42
      - 42
      - 42
      - 42
      - 42
      - 42
      - 42
      - 42
      - 42
      - 42
      - 42
      - 42
      - 42
      - 42
      - 42
      - 42
      - 42
      - 42
      - 42
      - 42
      - 42
      - 42
      - 42
      - 42
      - 42
      - 42
      - 42
      - 42
      - 42
      - 42
      - 42
      - 42
      - 42
      - 42
      - 42
      - 42
      - 42
      - 42
      - 42
      - 42
      - 42
      - 42
      - 42
      - 42
      - 42
      - 42
      - 42
      - 42
      - 42
      - 42
      - 42
      - 42
      - 42
      - 42
      - 42
      - 42
      - 42
      - 42
      - 42
      - 42
      - 42
      - 42
  - Newline:
      - 13
      - 10
  - Newline:
      - 13
      - 10
  - Comment:
      - 39
      - 65
      - 32
      - 99
      - 111
      - 117
      - 112
      - 108
      - 101
      - 32
      - 99
      - 111
      - 110
      - 115
      - 116
      - 97
      - 110
      - 116
      - 115
      - 32
      - 116
      - 111
      - 32
      - 115
      - 105
      - 109
      - 112
      - 108
      - 105
      - 102
      - 121
      - 32
      - 116
      - 114
      - 97
      - 99
      - 107
      - 105
      - 110
      - 103
      - 32
      - 118
      - 97
      - 114
      - 105
      - 111
      - 117
      - 115
      - 32
      - 118
      - 97
      - 114
      - 105
      - 97
      - 98
      - 108
      - 101
      - 115
  - Newline:
      - 13
      - 10
  - PublicKeyword:
      - 80
      - 117
      - 98
      - 108
      - 105
      - 99
  - Whitespace:
      - 32
  - ConstKeyword:
      - 67
      - 111
      - 110
      - 115
      - 116
  - Whitespace:
      - 32
  - Identifier:
      - 68
      - 82
      - 65
      - 87
      - 77
      - 69
      - 84
      - 72
      - 79
      - 68
      - 95
      - 76
      - 85
      - 77
      - 73
      - 78
      - 65
      - 78
      - 67
      - 69
  - Whitespace:
      - 32
  - AsKeyword:
      - 65
      - 115
  - Whitespace:
      - 32
  - LongKeyword:
      - 76
      - 111
      - 110
      - 103
  - Whitespace:
      - 32
  - EqualityOperator:
      - 61
  - Whitespace:
      - 32
  - Number:
      - 51
  - Newline:
      - 13
      - 10
  - PublicKeyword:
      - 80
      - 117
      - 98
      - 108
      - 105
      - 99
  - Whitespace:
      - 32
  - ConstKeyword:
      - 67
      - 111
      - 110
      - 115
      - 116
  - Whitespace:
      - 32
  - Identifier:
      - 68
      - 82
      - 65
      - 87
      - 77
      - 69
      - 84
      - 72
      - 79
      - 68
      - 95
      - 66
      - 65
      - 82
      - 83
  - Whitespace:
      - 32
  - AsKeyword:
      - 65
      - 115
  - Whitespace:
      - 32
  - LongKeyword:
      - 76
      - 111
      - 110
      - 103
  - Whitespace:
      - 32
  - EqualityOperator:
      - 61
  - Whitespace:
      - 32
  - Number:
      - 48
  - Newline:
      - 13
      - 10
  - Newline:
      - 13
      - 10
  - Comment:
      - 39
      - 85
      - 115
      - 101
      - 100
      - 32
      - 116
      - 111
      - 32
      - 116
      - 114
      - 97
      - 99
      - 107
      - 32
      - 116
      - 104
      - 101
      - 32
      - 108
      - 97
      - 115
      - 116
      - 32
      - 111
      - 112
      - 116
      - 105
      - 111
      - 110
      - 115
      - 32
      - 119
      - 101
      - 32
      - 117
      - 115
      - 101
      - 100
      - 32
      - 111
      - 110
      - 32
      - 116
      - 104
      - 101
      - 32
      - 104
      - 105
      - 115
      - 116
      - 111
      - 103
      - 114
      - 97
      - 109
      - 32
      - 102
      - 111
      - 114
      - 109
  - Newline:
      - 13
      - 10
  - PublicKeyword:
      - 80
      - 117
      - 98
      - 108
      - 105
      - 99
  - Whitespace:
      - 32
  - Identifier:
      - 108
      - 97
      - 115
      - 116
      - 72
      - 105
      - 115
      - 116
      - 83
      - 111
      - 117
      - 114
      - 99
      - 101
  - Whitespace:
      - 32
  - AsKeyword:
      - 65
      - 115
  - Whitespace:
      - 32
  - LongKeyword:
      - 76
      - 111
      - 110
      - 103
  - Comma:
      - 44
  - Whitespace:
      - 32
  - Identifier:
      - 108
      - 97
      - 115
      - 116
      - 72
      - 105
      - 115
      - 116
      - 77
      - 101
      - 116
      - 104
      - 111
      - 100
  - Whitespace:
      - 32
  - AsKeyword:
      - 65
      - 115
  - Whitespace:
      - 32
  - LongKeyword:
      - 76
      - 111
      - 110
      - 103
  - Newline:
      - 13
      - 10
  - Newline:
      - 13
      - 10
  - Comment:
      - 39
      - 87
      - 101
      - 39
      - 108
      - 108
      - 32
      - 117
      - 115
      - 101
      - 32
      - 116
      - 104
      - 105
      - 115
      - 32
      - 114
      - 111
      - 117
      - 116
      - 105
      - 110
      - 101
      - 32
      - 111
      - 110
      - 108
      - 121
      - 32
      - 116
      - 111
      - 32
      - 100
      - 114
      - 97
      - 119
      - 32
      - 116
      - 104
      - 101
      - 32
      - 103
      - 114
      - 97
      - 100
      - 105
      - 101
      - 110
      - 116
      - 32
      - 98
      - 101
      - 108
      - 111
      - 119
      - 32
      - 116
      - 104
      - 101
      - 32
      - 104
      - 105
      - 115
      - 116
      - 111
      - 103
      - 114
      - 97
      - 109
      - 32
      - 119
      - 105
      - 110
      - 100
      - 111
      - 119
  - Newline:
      - 13
      - 10
  - Comment:
      - 39
      - 40
      - 108
      - 105
      - 107
      - 101
      - 32
      - 80
      - 104
      - 111
      - 116
      - 111
      - 115
      - 104
      - 111
      - 112
      - 32
      - 100
      - 111
      - 101
      - 115
      - 41
      - 46
      - 32
      - 32
      - 84
      - 104
      - 105
      - 115
      - 32
      - 99
      - 111
      - 100
      - 101
      - 32
      - 105
      - 115
      - 32
      - 111
      - 108
      - 100
      - 44
      - 32
      - 98
      - 117
      - 116
      - 32
      - 105
      - 116
      - 32
      - 119
      - 111
      - 114
      - 107
      - 115
      - 32
      - 59
      - 41
  - Newline:
      - 13
      - 10
  - PublicKeyword:
      - 80
      - 117
      - 98
      - 108
      - 105
      - 99
  - Whitespace:
      - 32
  - SubKeyword:
      - 83
      - 117
      - 98
  - Whitespace:
      - 32
  - Identifier:
      - 68
      - 114
      - 97
      - 119
      - 71
      - 114
      - 97
      - 100
      - 105
      - 101
      - 110
      - 116
  - LeftParanthesis:
      - 40
  - ByRefKeyword:
      - 66
      - 121
      - 82
      - 101
      - 102
  - Whitespace:
      - 32
  - Identifier:
      - 68
      - 115
      - 116
      - 79
      - 98
      - 106
      - 101
      - 99
      - 116
  - Whitespace:
      - 32
  - AsKeyword:
      - 65
      - 115
  - Whitespace:
      - 32
  - Identifier:
      - 80
      - 105
      - 99
      - 116
      - 117
      - 114
      - 101
      - 66
      - 111
      - 120
  - Comma:
      - 44
  - Whitespace:
      - 32
  - ByValKeyword:
      - 66
      - 121
      - 86
      - 97
      - 108
  - Whitespace:
      - 32
  - Identifier:
      - 67
      - 111
      - 108
      - 111
      - 114
      - 49
  - Whitespace:
      - 32
  - AsKeyword:
      - 65
      - 115
  - Whitespace:
      - 32
  - LongKeyword:
      - 76
      - 111
      - 110
      - 103
  - Comma:
      - 44
  - Whitespace:
      - 32
  - ByValKeyword:
      - 66
      - 121
      - 86
      - 97
      - 108
  - Whitespace:
      - 32
  - Identifier:
      - 67
      - 111
      - 108
      - 111
      - 114
      - 50
  - Whitespace:
      - 32
  - AsKeyword:
      - 65
      - 115
  - Whitespace:
      - 32
  - LongKeyword:
      - 76
      - 111
      - 110
      - 103
  - RightParanthesis:
      - 41
  - Newline:
      - 13
      - 10
  - Whitespace:
      - 32
      - 32
      - 32
      - 32
  - Comment:
      - 39
      - 82
      - 71
      - 66
      - 40
      - 41
      - 32
      - 118
      - 97
      - 114
      - 105
      - 97
      - 98
      - 108
      - 101
      - 115
      - 32
      - 102
      - 111
      - 114
      - 32
      - 101
      - 97
      - 99
      - 104
      - 32
      - 99
      - 111
      - 108
      - 111
      - 114
  - Newline:
      - 13
      - 10
  - Whitespace:
      - 32
      - 32
      - 32
      - 32
  - DimKeyword:
      - 68
      - 105
      - 109
  - Whitespace:
      - 32
  - Identifier:
      - 114
  - Whitespace:
      - 32
  - AsKeyword:
      - 65
      - 115
  - Whitespace:
      - 32
  - LongKeyword:
      - 76
      - 111
      - 110
      - 103
  - Comma:
      - 44
  - Whitespace:
      - 32
  - Identifier:
      - 103
  - Whitespace:
      - 32
  - AsKeyword:
      - 65
      - 115
  - Whitespace:
      - 32
  - LongKeyword:
      - 76
      - 111
      - 110
      - 103
  - Comma:
      - 44
  - Whitespace:
      - 32
  - Identifier:
      - 98
  - Whitespace:
      - 32
  - AsKeyword:
      - 65
      - 115
  - Whitespace:
      - 32
  - LongKeyword:
      - 76
      - 111
      - 110
      - 103
  - Newline:
      - 13
      - 10
  - Whitespace:
      - 32
      - 32
      - 32
      - 32
  - DimKeyword:
      - 68
      - 105
      - 109
  - Whitespace:
      - 32
  - Identifier:
      - 82
      - 50
  - Whitespace:
      - 32
  - AsKeyword:
      - 65
      - 115
  - Whitespace:
      - 32
  - LongKeyword:
      - 76
      - 111
      - 110
      - 103
  - Comma:
      - 44
  - Whitespace:
      - 32
  - Identifier:
      - 71
      - 50
  - Whitespace:
      - 32
  - AsKeyword:
      - 65
      - 115
  - Whitespace:
      - 32
  - LongKeyword:
      - 76
      - 111
      - 110
      - 103
  - Comma:
      - 44
  - Whitespace:
      - 32
  - Identifier:
      - 66
      - 50
  - Whitespace:
      - 32
  - AsKeyword:
      - 65
      - 115
  - Whitespace:
      - 32
  - LongKeyword:
      - 76
      - 111
      - 110
      - 103
  - Newline:
      - 13
      - 10
  - Whitespace:
      - 32
      - 32
      - 32
      - 32
  - Newline:
      - 13
      - 10
  - Whitespace:
      - 32
      - 32
      - 32
      - 32
  - Comment:
      - 39
      - 69
      - 120
      - 116
      - 114
      - 97
      - 99
      - 116
      - 32
      - 116
      - 104
      - 101
      - 32
      - 114
      - 44
      - 103
      - 44
      - 98
      - 32
      - 118
      - 97
      - 108
      - 117
      - 101
      - 115
      - 32
      - 102
      - 114
      - 111
      - 109
      - 32
      - 116
      - 104
      - 101
      - 32
      - 99
      - 111
      - 108
      - 111
      - 114
      - 115
      - 32
      - 112
      - 97
      - 115
      - 115
      - 101
      - 100
      - 32
      - 98
      - 121
      - 32
      - 116
      - 104
      - 101
      - 32
      - 117
      - 115
      - 101
      - 114
  - Newline:
      - 13
      - 10
  - Whitespace:
      - 32
      - 32
      - 32
      - 32
  - Identifier:
      - 114
  - Whitespace:
      - 32
  - EqualityOperator:
      - 61
  - Whitespace:
      - 32
  - Identifier:
      - 67
      - 111
      - 108
      - 111
      - 114
      - 49
  - Whitespace:
      - 32
  - ModKeyword:
      - 77
      - 111
      - 100
  - Whitespace:
      - 32
  - Number:
      - 50
      - 53
      - 54
  - Newline:
      - 13
      - 10
  - Whitespace:
      - 32
      - 32
      - 32
      - 32
  - Identifier:
      - 103
  - Whitespace:
      - 32
  - EqualityOperator:
      - 61
  - Whitespace:
      - 32
  - LeftParanthesis:
      - 40
  - Identifier:
      - 67
      - 111
      - 108
      - 111
      - 114
      - 49
  - Whitespace:
      - 32
  - BackwardSlashOperator:
      - 92
  - Whitespace:
      - 32
  - Number:
      - 50
      - 53
      - 54
  - RightParanthesis:
      - 41
  - Whitespace:
      - 32
  - AndKeyword:
      - 65
      - 110
      - 100
  - Whitespace:
      - 32
  - Number:
      - 50
      - 53
      - 53
  - Newline:
      - 13
      - 10
  - Whitespace:
      - 32
      - 32
      - 32
      - 32
  - Identifier:
      - 98
  - Whitespace:
      - 32
  - EqualityOperator:
      - 61
  - Whitespace:
      - 32
  - LeftParanthesis:
      - 40
  - Identifier:
      - 67
      - 111
      - 108
      - 111
      - 114
      - 49
  - Whitespace:
      - 32
  - BackwardSlashOperator:
      - 92
  - Whitespace:
      - 32
  - Number:
      - 54
      - 53
      - 53
      - 51
      - 54
  - RightParanthesis:
      - 41
  - Whitespace:
      - 32
  - AndKeyword:
      - 65
      - 110
      - 100
  - Whitespace:
      - 32
  - Number:
      - 50
      - 53
      - 53
  - Newline:
      - 13
      - 10
  - Whitespace:
      - 32
      - 32
      - 32
      - 32
  - Identifier:
      - 82
      - 50
  - Whitespace:
      - 32
  - EqualityOperator:
      - 61
  - Whitespace:
      - 32
  - Identifier:
      - 67
      - 111
      - 108
      - 111
      - 114
      - 50
  - Whitespace:
      - 32
  - ModKeyword:
      - 77
      - 111
      - 100
  - Whitespace:
      - 32
  - Number:
      - 50
      - 53
      - 54
  - Newline:
      - 13
      - 10
  - Whitespace:
      - 32
      - 32
      - 32
      - 32
  - Identifier:
      - 71
      - 50
  - Whitespace:
      - 32
  - EqualityOperator:
      - 61
  - Whitespace:
      - 32
  - LeftParanthesis:
      - 40
  - Identifier:
      - 67
      - 111
      - 108
      - 111
      - 114
      - 50
  - Whitespace:
      - 32
  - BackwardSlashOperator:
      - 92
  - Whitespace:
      - 32
  - Number:
      - 50
      - 53
      - 54
  - RightParanthesis:
      - 41
  - Whitespace:
      - 32
  - AndKeyword:
      - 65
      - 110
      - 100
  - Whitespace:
      - 32
  - Number:
      - 50
      - 53
      - 53
  - Newline:
      - 13
      - 10
  - Whitespace:
      - 32
      - 32
      - 32
      - 32
  - Identifier:
      - 66
      - 50
  - Whitespace:
      - 32
  - EqualityOperator:
      - 61
  - Whitespace:
      - 32
  - LeftParanthesis:
      - 40
  - Identifier:
      - 67
      - 111
      - 108
      - 111
      - 114
      - 50
  - Whitespace:
      - 32
  - BackwardSlashOperator:
      - 92
  - Whitespace:
      - 32
  - Number:
      - 54
      - 53
      - 53
      - 51
      - 54
  - RightParanthesis:
      - 41
  - Whitespace:
      - 32
  - AndKeyword:
      - 65
      - 110
      - 100
  - Whitespace:
      - 32
  - Number:
      - 50
      - 53
      - 53
  - Newline:
      - 13
      - 10
  - Whitespace:
      - 32
      - 32
      - 32
      - 32
  - Newline:
      - 13
      - 10
  - Whitespace:
      - 32
      - 32
      - 32
      - 32
  - Comment:
      - 39
      - 67
      - 97
      - 108
      - 99
      - 117
      - 108
      - 97
      - 116
      - 105
      - 111
      - 110
      - 32
      - 118
      - 97
      - 114
      - 105
      - 97
      - 98
      - 108
      - 101
      - 115
      - 32
      - 102
      - 111
      - 114
      - 32
      - 116
      - 104
      - 101
      - 32
      - 103
      - 114
      - 97
      - 100
      - 105
      - 101
      - 110
      - 99
      - 121
  - Newline:
      - 13
      - 10
  - Whitespace:
      - 32
      - 32
      - 32
      - 32
  - DimKeyword:
      - 68
      - 105
      - 109
  - Whitespace:
      - 32
  - Identifier:
      - 86
      - 82
  - Whitespace:
      - 32
  - AsKeyword:
      - 65
      - 115
  - Whitespace:
      - 32
  - SingleKeyword:
      - 83
      - 105
      - 110
      - 103
      - 108
      - 101
  - Comma:
      - 44
  - Whitespace:
      - 32
  - Identifier:
      - 86
      - 71
  - Whitespace:
      - 32
  - AsKeyword:
      - 65
      - 115
  - Whitespace:
      - 32
  - SingleKeyword:
      - 83
      - 105
      - 110
      - 103
      - 108
      - 101
  - Comma:
      - 44
  - Whitespace:
      - 32
  - Identifier:
      - 86
      - 66
  - Whitespace:
      - 32
  - AsKeyword:
      - 65
      - 115
  - Whitespace:
      - 32
  - SingleKeyword:
      - 83
      - 105
      - 110
      - 103
      - 108
      - 101
  - Newline:
      - 13
      - 10
  - Whitespace:
      - 32
      - 32
      - 32
      - 32
  - Newline:
      - 13
      - 10
  - Whitespace:
      - 32
      - 32
      - 32
      - 32
  - Comment:
      - 39
      - 83
      - 105
      - 122
      - 101
      - 32
      - 111
      - 102
      - 32
      - 116
      - 104
      - 101
      - 32
      - 112
      - 105
      - 99
      - 116
      - 117
      - 114
      - 101
      - 32
      - 98
      - 111
      - 120
      - 32
      - 119
      - 101
      - 39
      - 108
      - 108
      - 32
      - 98
      - 101
      - 32
      - 100
      - 114
      - 97
      - 119
      - 105
      - 110
      - 103
      - 32
      - 116
      - 111
  - Newline:
      - 13
      - 10
  - Whitespace:
      - 32
      - 32
      - 32
      - 32
  - DimKeyword:
      - 68
      - 105
      - 109
  - Whitespace:
      - 32
  - Identifier:
      - 105
      - 87
      - 105
      - 100
      - 116
      - 104
  - Whitespace:
      - 32
  - AsKeyword:
      - 65
      - 115
  - Whitespace:
      - 32
  - LongKeyword:
      - 76
      - 111
      - 110
      - 103
  - Comma:
      - 44
  - Whitespace:
      - 32
  - Identifier:
      - 105
      - 72
      - 101
      - 105
      - 103
      - 104
      - 116
  - Whitespace:
      - 32
  - AsKeyword:
      - 65
      - 115
  - Whitespace:
      - 32
  - LongKeyword:
      - 76
      - 111
      - 110
      - 103
  - Newline:
      - 13
      - 10
  - Whitespace:
      - 32
      - 32
      - 32
      - 32
  - Identifier:
      - 105
      - 87
      - 105
      - 100
      - 116
      - 104
  - Whitespace:
      - 32
  - EqualityOperator:
      - 61
  - Whitespace:
      - 32
  - Identifier:
      - 68
      - 115
      - 116
      - 79
      - 98
      - 106
      - 101
      - 99
      - 116
  - PeriodOperator:
      - 46
  - Identifier:
      - 83
      - 99
      - 97
      - 108
      - 101
      - 87
      - 105
      - 100
      - 116
      - 104
  - Newline:
      - 13
      - 10
  - Whitespace:
      - 32
      - 32
      - 32
      - 32
  - Identifier:
      - 105
      - 72
      - 101
      - 105
      - 103
      - 104
      - 116
  - Whitespace:
      - 32
  - EqualityOperator:
      - 61
  - Whitespace:
      - 32
  - Identifier:
      - 68
      - 115
      - 116
      - 79
      - 98
      - 106
      - 101
      - 99
      - 116
  - PeriodOperator:
      - 46
  - Identifier:
      - 83
      - 99
      - 97
      - 108
      - 101
      - 72
      - 101
      - 105
      - 103
      - 104
      - 116
  - Newline:
      - 13
      - 10
  - Whitespace:
      - 32
      - 32
      - 32
      - 32
  - Newline:
      - 13
      - 10
  - Whitespace:
      - 32
      - 32
      - 32
      - 32
  - Comment:
      - 39
      - 72
      - 101
      - 114
      - 101
      - 44
      - 32
      - 99
      - 114
      - 101
      - 97
      - 116
      - 101
      - 32
      - 97
      - 32
      - 99
      - 97
      - 108
      - 99
      - 117
      - 108
      - 97
      - 116
      - 105
      - 111
      - 110
      - 32
      - 118
      - 97
      - 114
      - 105
      - 97
      - 98
      - 108
      - 101
      - 32
      - 102
      - 111
      - 114
      - 32
      - 100
      - 101
      - 116
      - 101
      - 114
      - 109
      - 105
      - 110
      - 105
      - 110
      - 103
      - 32
      - 116
      - 104
      - 101
      - 32
      - 115
      - 116
      - 101
      - 112
      - 32
      - 98
      - 101
      - 116
      - 119
      - 101
      - 101
      - 110
  - Newline:
      - 13
      - 10
  - Whitespace:
      - 32
      - 32
      - 32
      - 32
  - Comment:
      - 39
      - 101
      - 97
      - 99
      - 104
      - 32
      - 108
      - 101
      - 118
      - 101
      - 108
      - 32
      - 111
      - 102
      - 32
      - 116
      - 104
      - 101
      - 32
      - 103
      - 114
      - 97
      - 100
      - 105
      - 101
      - 110
      - 116
  - Newline:
      - 13
      - 10
  - Whitespace:
      - 32
      - 32
      - 32
      - 32
  - Identifier:
      - 86
      - 82
  - Whitespace:
      - 32
  - EqualityOperator:
      - 61
  - Whitespace:
      - 32
  - Identifier:
      - 65
      - 98
      - 115
  - LeftParanthesis:
      - 40
  - Identifier:
      - 114
  - Whitespace:
      - 32
  - SubtractionOperator:
      - 45
  - Whitespace:
      - 32
  - Identifier:
      - 82
      - 50
  - RightParanthesis:
      - 41
  - Whitespace:
      - 32
  - DivisionOperator:
      - 47
  - Whitespace:
      - 32
  - Identifier:
      - 105
      - 87
      - 105
      - 100
      - 116
      - 104
  - Newline:
      - 13
      - 10
  - Whitespace:
      - 32
      - 32
      - 32
      - 32
  - Identifier:
      - 86
      - 71
  - Whitespace:
      - 32
  - EqualityOperator:
      - 61
  - Whitespace:
      - 32
  - Identifier:
      - 65
      - 98
      - 115
  - LeftParanthesis:
      - 40
  - Identifier:
      - 103
  - Whitespace:
      - 32
  - SubtractionOperator:
      - 45
  - Whitespace:
      - 32
  - Identifier:
      - 71
      - 50
  - RightParanthesis:
      - 41
  - Whitespace:
      - 32
  - DivisionOperator:
      - 47
  - Whitespace:
      - 32
  - Identifier:
      - 105
      - 87
      - 105
      - 100
      - 116
      - 104
  - Newline:
      - 13
      - 10
  - Whitespace:
      - 32
      - 32
      - 32
      - 32
  - Identifier:
      - 86
      - 66
  - Whitespace:
      - 32
  - EqualityOperator:
      - 61
  - Whitespace:
      - 32
  - Identifier:
      - 65
      - 98
      - 115
  - LeftParanthesis:
      - 40
  - Identifier:
      - 98
  - Whitespace:
      - 32
  - SubtractionOperator:
      - 45
  - Whitespace:
      - 32
  - Identifier:
      - 66
      - 50
  - RightParanthesis:
      - 41
  - Whitespace:
      - 32
  - DivisionOperator:
      - 47
  - Whitespace:
      - 32
  - Identifier:
      - 105
      - 87
      - 105
      - 100
      - 116
      - 104
  - Newline:
      - 13
      - 10
  - Whitespace:
      - 32
      - 32
      - 32
      - 32
  - Comment:
      - 39
      - 73
      - 102
      - 32
      - 116
      - 104
      - 101
      - 32
      - 115
      - 101
      - 99
      - 111
      - 110
      - 100
      - 32
      - 118
      - 97
      - 108
      - 117
      - 101
      - 32
      - 105
      - 115
      - 32
      - 108
      - 111
      - 119
      - 101
      - 114
      - 32
      - 116
      - 104
      - 101
      - 110
      - 32
      - 116
      - 104
      - 101
      - 32
      - 102
      - 105
      - 114
      - 115
      - 116
      - 32
      - 118
      - 97
      - 108
      - 117
      - 101
      - 44
      - 32
      - 109
      - 97
      - 107
      - 101
      - 32
      - 116
      - 104
      - 101
      - 32
      - 115
      - 116
      - 101
      - 112
      - 32
      - 110
      - 101
      - 103
      - 97
      - 116
      - 105
      - 118
      - 101
  - Newline:
      - 13
      - 10
  - Whitespace:
      - 32
      - 32
      - 32
      - 32
  - IfKeyword:
      - 73
      - 102
  - Whitespace:
      - 32
  - Identifier:
      - 82
      - 50
  - Whitespace:
      - 32
  - LessThanOperator:
      - 60
  - Whitespace:
      - 32
  - Identifier:
      - 114
  - Whitespace:
      - 32
  - ThenKeyword:
      - 84
      - 104
      - 101
      - 110
  - Whitespace:
      - 32
  - Identifier:
      - 86
      - 82
  - Whitespace:
      - 32
  - EqualityOperator:
      - 61
  - Whitespace:
      - 32
  - SubtractionOperator:
      - 45
  - Identifier:
      - 86
      - 82
  - Newline:
      - 13
      - 10
  - Whitespace:
      - 32
      - 32
      - 32
      - 32
  - IfKeyword:
      - 73
      - 102
  - Whitespace:
      - 32
  - Identifier:
      - 71
      - 50
  - Whitespace:
      - 32
  - LessThanOperator:
      - 60
  - Whitespace:
      - 32
  - Identifier:
      - 103
  - Whitespace:
      - 32
  - ThenKeyword:
      - 84
      - 104
      - 101
      - 110
  - Whitespace:
      - 32
  - Identifier:
      - 86
      - 71
  - Whitespace:
      - 32
  - EqualityOperator:
      - 61
  - Whitespace:
      - 32
  - SubtractionOperator:
      - 45
  - Identifier:
      - 86
      - 71
  - Newline:
      - 13
      - 10
  - Whitespace:
      - 32
      - 32
      - 32
      - 32
  - IfKeyword:
      - 73
      - 102
  - Whitespace:
      - 32
  - Identifier:
      - 66
      - 50
  - Whitespace:
      - 32
  - LessThanOperator:
      - 60
  - Whitespace:
      - 32
  - Identifier:
      - 98
  - Whitespace:
      - 32
  - ThenKeyword:
      - 84
      - 104
      - 101
      - 110
  - Whitespace:
      - 32
  - Identifier:
      - 86
      - 66
  - Whitespace:
      - 32
  - EqualityOperator:
      - 61
  - Whitespace:
      - 32
  - SubtractionOperator:
      - 45
  - Identifier:
      - 86
      - 66
  - Newline:
      - 13
      - 10
  - Whitespace:
      - 32
      - 32
      - 32
      - 32
  - Comment:
      - 39
      - 76
      - 97
      - 115
      - 116
      - 44
      - 32
      - 114
      - 117
      - 110
      - 32
      - 97
      - 32
      - 108
      - 111
      - 111
      - 112
      - 32
      - 116
      - 104
      - 114
      - 111
      - 117
      - 103
      - 104
      - 32
      - 116
      - 104
      - 101
      - 32
      - 119
      - 105
      - 100
      - 116
      - 104
      - 32
      - 111
      - 102
      - 32
      - 116
      - 104
      - 101
      - 32
      - 112
      - 105
      - 99
      - 116
      - 117
      - 114
      - 101
      - 32
      - 98
      - 111
      - 120
      - 44
      - 32
      - 105
      - 110
      - 99
      - 114
      - 101
      - 109
      - 101
      - 110
      - 116
      - 105
      - 110
      - 103
      - 32
      - 116
      - 104
      - 101
      - 32
      - 99
      - 111
      - 108
      - 111
      - 114
      - 32
      - 97
      - 115
  - Newline:
      - 13
      - 10
  - Whitespace:
      - 32
      - 32
      - 32
      - 32
  - Comment:
      - 39
      - 119
      - 101
      - 32
      - 103
      - 111
      - 32
      - 40
      - 116
      - 104
      - 117
      - 115
      - 32
      - 99
      - 114
      - 101
      - 97
      - 116
      - 105
      - 110
      - 103
      - 32
      - 97
      - 32
      - 103
      - 114
      - 97
      - 100
      - 105
      - 101
      - 110
      - 116
      - 32
      - 101
      - 102
      - 102
      - 101
      - 99
      - 116
      - 41
  - Newline:
      - 13
      - 10
  - Whitespace:
      - 32
      - 32
      - 32
      - 32
  - DimKeyword:
      - 68
      - 105
      - 109
  - Whitespace:
      - 32
  - Identifier:
      - 120
  - Whitespace:
      - 32
  - AsKeyword:
      - 65
      - 115
  - Whitespace:
      - 32
  - LongKeyword:
      - 76
      - 111
      - 110
      - 103
  - Newline:
      - 13
      - 10
  - Whitespace:
      - 32
      - 32
      - 32
      - 32
  - ForKeyword:
      - 70
      - 111
      - 114
  - Whitespace:
      - 32
  - Identifier:
      - 120
  - Whitespace:
      - 32
  - EqualityOperator:
      - 61
  - Whitespace:
      - 32
  - Number:
      - 48
  - Whitespace:
      - 32
  - ToKeyword:
      - 84
      - 111
  - Whitespace:
      - 32
  - Identifier:
      - 105
      - 87
      - 105
      - 100
      - 116
      - 104
  - Newline:
      - 13
      - 10
  - Whitespace:
      - 32
      - 32
      - 32
      - 32
      - 32
      - 32
      - 32
      - 32
  - Identifier:
      - 82
      - 50
  - Whitespace:
      - 32
  - EqualityOperator:
      - 61
  - Whitespace:
      - 32
  - Identifier:
      - 114
  - Whitespace:
      - 32
  - AdditionOperator:
      - 43
  - Whitespace:
      - 32
  - Identifier:
      - 86
      - 82
  - Whitespace:
      - 32
  - MultiplicationOperator:
      - 42
  - Whitespace:
      - 32
  - Identifier:
      - 120
  - Newline:
      - 13
      - 10
  - Whitespace:
      - 32
      - 32
      - 32
      - 32
      - 32
      - 32
      - 32
      - 32
  - Identifier:
      - 71
      - 50
  - Whitespace:
      - 32
  - EqualityOperator:
      - 61
  - Whitespace:
      - 32
  - Identifier:
      - 103
  - Whitespace:
      - 32
  - AdditionOperator:
      - 43
  - Whitespace:
      - 32
  - Identifier:
      - 86
      - 71
  - Whitespace:
      - 32
  - MultiplicationOperator:
      - 42
  - Whitespace:
      - 32
  - Identifier:
      - 120
  - Newline:
      - 13
      - 10
  - Whitespace:
      - 32
      - 32
      - 32
      - 32
      - 32
      - 32
      - 32
      - 32
  - Identifier:
      - 66
      - 50
  - Whitespace:
      - 32
  - EqualityOperator:
      - 61
  - Whitespace:
      - 32
  - Identifier:
      - 98
  - Whitespace:
      - 32
  - AdditionOperator:
      - 43
  - Whitespace:
      - 32
  - Identifier:
      - 86
      - 66
  - Whitespace:
      - 32
  - MultiplicationOperator:
      - 42
  - Whitespace:
      - 32
  - Identifier:
      - 120
  - Newline:
      - 13
      - 10
  - Whitespace:
      - 32
      - 32
      - 32
      - 32
      - 32
      - 32
      - 32
      - 32
  - Identifier:
      - 68
      - 115
      - 116
      - 79
      - 98
      - 106
      - 101
      - 99
      - 116
  - PeriodOperator:
      - 46
  - LineKeyword:
      - 76
      - 105
      - 110
      - 101
  - Whitespace:
      - 32
  - LeftParanthesis:
      - 40
  - Identifier:
      - 120
  - Comma:
      - 44
  - Whitespace:
      - 32
  - Number:
      - 48
  - RightParanthesis:
      - 41
  - SubtractionOperator:
      - 45
  - LeftParanthesis:
      - 40
  - Identifier:
      - 120
  - Comma:
      - 44
  - Whitespace:
      - 32
  - Identifier:
      - 105
      - 72
      - 101
      - 105
      - 103
      - 104
      - 116
  - RightParanthesis:
      - 41
  - Comma:
      - 44
  - Whitespace:
      - 32
  - Identifier:
      - 82
      - 71
      - 66
  - LeftParanthesis:
      - 40
  - Identifier:
      - 82
      - 50
  - Comma:
      - 44
  - Whitespace:
      - 32
  - Identifier:
      - 71
      - 50
  - Comma:
      - 44
  - Whitespace:
      - 32
  - Identifier:
      - 66
      - 50
  - RightParanthesis:
      - 41
  - Newline:
      - 13
      - 10
  - Whitespace:
      - 32
      - 32
      - 32
      - 32
  - NextKeyword:
      - 78
      - 101
      - 120
      - 116
  - Whitespace:
      - 32
  - Identifier:
      - 120
  - Newline:
      - 13
      - 10
  - EndKeyword:
      - 69
      - 110
      - 100
  - Whitespace:
      - 32
  - SubKeyword:
      - 83
      - 117
      - 98
  - Newline:
      - 13
      - 10
